Archive member included because of file (symbol)

c:/winavr-20100110/bin/../lib/gcc/avr/4.3.3/avr5\libgcc.a(_exit.o)
                              c:/winavr-20100110/bin/../lib/gcc/avr/4.3.3/../../../../avr/lib/avr5/crtm32.o (exit)
c:/winavr-20100110/bin/../lib/gcc/avr/4.3.3/avr5\libgcc.a(_clear_bss.o)
                              ./MCAL/Timer/timer.o (__do_clear_bss)

Memory Configuration

Name             Origin             Length             Attributes
text             0x00000000         0x00020000         xr
data             0x00800060         0x0000ffa0         rw !x
eeprom           0x00810000         0x00010000         rw !x
fuse             0x00820000         0x00000400         rw !x
lock             0x00830000         0x00000400         rw !x
signature        0x00840000         0x00000400         rw !x
*default*        0x00000000         0xffffffff

Linker script and memory map

LOAD c:/winavr-20100110/bin/../lib/gcc/avr/4.3.3/../../../../avr/lib/avr5/crtm32.o
LOAD ./MCAL/Timer/timer.o
LOAD ./MCAL/DIO/dio.o
LOAD ./ECUAL/LED/led.o
LOAD ./ECUAL/BUTTON/button.o
LOAD ./Application/App.o
LOAD ./main.o
LOAD c:/winavr-20100110/bin/../lib/gcc/avr/4.3.3/avr5\libgcc.a
LOAD c:/winavr-20100110/bin/../lib/gcc/avr/4.3.3/../../../../avr/lib/avr5\libc.a
LOAD c:/winavr-20100110/bin/../lib/gcc/avr/4.3.3/avr5\libgcc.a

.hash
 *(.hash)

.dynsym
 *(.dynsym)

.dynstr
 *(.dynstr)

.gnu.version
 *(.gnu.version)

.gnu.version_d
 *(.gnu.version_d)

.gnu.version_r
 *(.gnu.version_r)

.rel.init
 *(.rel.init)

.rela.init
 *(.rela.init)

.rel.text
 *(.rel.text)
 *(.rel.text.*)
 *(.rel.gnu.linkonce.t*)

.rela.text
 *(.rela.text)
 *(.rela.text.*)
 *(.rela.gnu.linkonce.t*)

.rel.fini
 *(.rel.fini)

.rela.fini
 *(.rela.fini)

.rel.rodata
 *(.rel.rodata)
 *(.rel.rodata.*)
 *(.rel.gnu.linkonce.r*)

.rela.rodata
 *(.rela.rodata)
 *(.rela.rodata.*)
 *(.rela.gnu.linkonce.r*)

.rel.data
 *(.rel.data)
 *(.rel.data.*)
 *(.rel.gnu.linkonce.d*)

.rela.data
 *(.rela.data)
 *(.rela.data.*)
 *(.rela.gnu.linkonce.d*)

.rel.ctors
 *(.rel.ctors)

.rela.ctors
 *(.rela.ctors)

.rel.dtors
 *(.rel.dtors)

.rela.dtors
 *(.rela.dtors)

.rel.got
 *(.rel.got)

.rela.got
 *(.rela.got)

.rel.bss
 *(.rel.bss)

.rela.bss
 *(.rela.bss)

.rel.plt
 *(.rel.plt)

.rela.plt
 *(.rela.plt)

.text           0x00000000      0xe9e
 *(.vectors)
 .vectors       0x00000000       0x54 c:/winavr-20100110/bin/../lib/gcc/avr/4.3.3/../../../../avr/lib/avr5/crtm32.o
                0x00000000                __vectors
                0x00000000                __vector_default
 *(.vectors)
 *(.progmem.gcc*)
 *(.progmem*)
                0x00000054                . = ALIGN (0x2)
                0x00000054                __trampolines_start = .
 *(.trampolines)
 .trampolines   0x00000054        0x0 linker stubs
 *(.trampolines*)
                0x00000054                __trampolines_end = .
 *(.jumptables)
 *(.jumptables*)
 *(.lowtext)
 *(.lowtext*)
                0x00000054                __ctors_start = .
 *(.ctors)
                0x00000054                __ctors_end = .
                0x00000054                __dtors_start = .
 *(.dtors)
                0x00000054                __dtors_end = .
 SORT(*)(.ctors)
 SORT(*)(.dtors)
 *(.init0)
 .init0         0x00000054        0x0 c:/winavr-20100110/bin/../lib/gcc/avr/4.3.3/../../../../avr/lib/avr5/crtm32.o
                0x00000054                __init
 *(.init0)
 *(.init1)
 *(.init1)
 *(.init2)
 .init2         0x00000054        0xc c:/winavr-20100110/bin/../lib/gcc/avr/4.3.3/../../../../avr/lib/avr5/crtm32.o
 *(.init2)
 *(.init3)
 *(.init3)
 *(.init4)
 .init4         0x00000060       0x10 c:/winavr-20100110/bin/../lib/gcc/avr/4.3.3/avr5\libgcc.a(_clear_bss.o)
                0x00000060                __do_clear_bss
 *(.init4)
 *(.init5)
 *(.init5)
 *(.init6)
 *(.init6)
 *(.init7)
 *(.init7)
 *(.init8)
 *(.init8)
 *(.init9)
 .init9         0x00000070        0x8 c:/winavr-20100110/bin/../lib/gcc/avr/4.3.3/../../../../avr/lib/avr5/crtm32.o
 *(.init9)
 *(.text)
 .text          0x00000078        0x4 c:/winavr-20100110/bin/../lib/gcc/avr/4.3.3/../../../../avr/lib/avr5/crtm32.o
                0x00000078                __vector_12
                0x00000078                __bad_interrupt
                0x00000078                __vector_6
                0x00000078                __vector_3
                0x00000078                __vector_13
                0x00000078                __vector_17
                0x00000078                __vector_19
                0x00000078                __vector_7
                0x00000078                __vector_5
                0x00000078                __vector_4
                0x00000078                __vector_9
                0x00000078                __vector_2
                0x00000078                __vector_15
                0x00000078                __vector_8
                0x00000078                __vector_14
                0x00000078                __vector_10
                0x00000078                __vector_16
                0x00000078                __vector_18
                0x00000078                __vector_20
 .text          0x0000007c        0x0 ./MCAL/Timer/timer.o
 .text          0x0000007c        0x0 ./MCAL/DIO/dio.o
 .text          0x0000007c        0x0 ./ECUAL/LED/led.o
 .text          0x0000007c        0x0 ./ECUAL/BUTTON/button.o
 .text          0x0000007c        0x0 ./Application/App.o
 .text          0x0000007c        0x0 ./main.o
 .text          0x0000007c        0x0 c:/winavr-20100110/bin/../lib/gcc/avr/4.3.3/avr5\libgcc.a(_exit.o)
 .text          0x0000007c        0x0 c:/winavr-20100110/bin/../lib/gcc/avr/4.3.3/avr5\libgcc.a(_clear_bss.o)
                0x0000007c                . = ALIGN (0x2)
 *(.text.*)
 .text.__vector_11
                0x0000007c       0x2e ./MCAL/Timer/timer.o
                0x0000007c                __vector_11
 .text.TIMER0_STOP
                0x000000aa       0x38 ./MCAL/Timer/timer.o
                0x000000aa                TIMER0_STOP
 .text.TIMER0_INIT
                0x000000e2       0x2c ./MCAL/Timer/timer.o
                0x000000e2                TIMER0_INIT
 .text.TIMER1_STOP
                0x0000010e       0x38 ./MCAL/Timer/timer.o
                0x0000010e                TIMER1_STOP
 .text.Timer1_Delay_FIVE_sec
                0x00000146       0x4e ./MCAL/Timer/timer.o
                0x00000146                Timer1_Delay_FIVE_sec
 .text.Timer1_Delay_One_sec
                0x00000194       0x4e ./MCAL/Timer/timer.o
                0x00000194                Timer1_Delay_One_sec
 .text.PIN_DIRECTION
                0x000001e2      0x1d6 ./MCAL/DIO/dio.o
                0x000001e2                PIN_DIRECTION
 .text.WRITE_PIN
                0x000003b8      0x1d6 ./MCAL/DIO/dio.o
                0x000003b8                WRITE_PIN
 .text.READ_PIN
                0x0000058e      0x136 ./MCAL/DIO/dio.o
                0x0000058e                READ_PIN
 .text.PORT_DIRECTION
                0x000006c4       0x88 ./MCAL/DIO/dio.o
                0x000006c4                PORT_DIRECTION
 .text.WRITE_PORT
                0x0000074c       0x88 ./MCAL/DIO/dio.o
                0x0000074c                WRITE_PORT
 .text.READ_PORT
                0x000007d4       0x8a ./MCAL/DIO/dio.o
                0x000007d4                READ_PORT
 .text.LED_INIT
                0x0000085e       0x2c ./ECUAL/LED/led.o
                0x0000085e                LED_INIT
 .text.LED_OFF  0x0000088a       0x22 ./ECUAL/LED/led.o
                0x0000088a                LED_OFF
 .text.LED_ON   0x000008ac       0x22 ./ECUAL/LED/led.o
                0x000008ac                LED_ON
 .text.LED_TOGGLE
                0x000008ce      0x10a ./ECUAL/LED/led.o
                0x000008ce                LED_TOGGLE
 .text.__vector_1
                0x000009d8      0x252 ./ECUAL/BUTTON/button.o
                0x000009d8                __vector_1
 .text.BUTTON_Interupt
                0x00000c2a       0x36 ./ECUAL/BUTTON/button.o
                0x00000c2a                BUTTON_Interupt
 .text.App_Start
                0x00000c60      0x1e2 ./Application/App.o
                0x00000c60                App_Start
 .text.App_Init
                0x00000e42       0x46 ./Application/App.o
                0x00000e42                App_Init
 .text.main     0x00000e88       0x12 ./main.o
                0x00000e88                main
 .text.libgcc   0x00000e9a        0x0 c:/winavr-20100110/bin/../lib/gcc/avr/4.3.3/avr5\libgcc.a(_exit.o)
 .text.libgcc   0x00000e9a        0x0 c:/winavr-20100110/bin/../lib/gcc/avr/4.3.3/avr5\libgcc.a(_clear_bss.o)
                0x00000e9a                . = ALIGN (0x2)
 *(.fini9)
 .fini9         0x00000e9a        0x0 c:/winavr-20100110/bin/../lib/gcc/avr/4.3.3/avr5\libgcc.a(_exit.o)
                0x00000e9a                exit
                0x00000e9a                _exit
 *(.fini9)
 *(.fini8)
 *(.fini8)
 *(.fini7)
 *(.fini7)
 *(.fini6)
 *(.fini6)
 *(.fini5)
 *(.fini5)
 *(.fini4)
 *(.fini4)
 *(.fini3)
 *(.fini3)
 *(.fini2)
 *(.fini2)
 *(.fini1)
 *(.fini1)
 *(.fini0)
 .fini0         0x00000e9a        0x4 c:/winavr-20100110/bin/../lib/gcc/avr/4.3.3/avr5\libgcc.a(_exit.o)
 *(.fini0)
                0x00000e9e                _etext = .

.data           0x00800060        0x0 load address 0x00000e9e
                0x00800060                PROVIDE (__data_start, .)
 *(.data)
 .data          0x00800060        0x0 c:/winavr-20100110/bin/../lib/gcc/avr/4.3.3/../../../../avr/lib/avr5/crtm32.o
 .data          0x00800060        0x0 ./MCAL/Timer/timer.o
 .data          0x00800060        0x0 ./MCAL/DIO/dio.o
 .data          0x00800060        0x0 ./ECUAL/LED/led.o
 .data          0x00800060        0x0 ./ECUAL/BUTTON/button.o
 .data          0x00800060        0x0 ./Application/App.o
 .data          0x00800060        0x0 ./main.o
 .data          0x00800060        0x0 c:/winavr-20100110/bin/../lib/gcc/avr/4.3.3/avr5\libgcc.a(_exit.o)
 .data          0x00800060        0x0 c:/winavr-20100110/bin/../lib/gcc/avr/4.3.3/avr5\libgcc.a(_clear_bss.o)
 *(.data*)
 *(.rodata)
 *(.rodata*)
 *(.gnu.linkonce.d*)
                0x00800060                . = ALIGN (0x2)
                0x00800060                _edata = .
                0x00800060                PROVIDE (__data_end, .)

.bss            0x00800060        0x2
                0x00800060                PROVIDE (__bss_start, .)
 *(.bss)
 .bss           0x00800060        0x0 c:/winavr-20100110/bin/../lib/gcc/avr/4.3.3/../../../../avr/lib/avr5/crtm32.o
 .bss           0x00800060        0x0 ./MCAL/Timer/timer.o
 .bss           0x00800060        0x0 ./MCAL/DIO/dio.o
 .bss           0x00800060        0x0 ./ECUAL/LED/led.o
 .bss           0x00800060        0x0 ./ECUAL/BUTTON/button.o
 .bss           0x00800060        0x0 ./Application/App.o
 .bss           0x00800060        0x0 ./main.o
 .bss           0x00800060        0x0 c:/winavr-20100110/bin/../lib/gcc/avr/4.3.3/avr5\libgcc.a(_exit.o)
 .bss           0x00800060        0x0 c:/winavr-20100110/bin/../lib/gcc/avr/4.3.3/avr5\libgcc.a(_clear_bss.o)
 *(.bss*)
 .bss.gtick     0x00800060        0x1 ./MCAL/Timer/timer.o
                0x00800060                gtick
 .bss.flag      0x00800061        0x1 ./Application/App.o
                0x00800061                flag
 *(COMMON)
                0x00800062                PROVIDE (__bss_end, .)
                0x00000e9e                __data_load_start = LOADADDR (.data)
                0x00000e9e                __data_load_end = (__data_load_start + SIZEOF (.data))

.noinit         0x00800062        0x0
                0x00800062                PROVIDE (__noinit_start, .)
 *(.noinit*)
                0x00800062                PROVIDE (__noinit_end, .)
                0x00800062                _end = .
                0x00800062                PROVIDE (__heap_start, .)

.eeprom         0x00810000        0x0
 *(.eeprom*)
                0x00810000                __eeprom_end = .

.fuse
 *(.fuse)
 *(.lfuse)
 *(.hfuse)
 *(.efuse)

.lock
 *(.lock*)

.signature
 *(.signature*)

.stab           0x00000000     0x1ca4
 *(.stab)
 .stab          0x00000000      0x57c ./MCAL/Timer/timer.o
 .stab          0x0000057c      0x6b4 ./MCAL/DIO/dio.o
                                0x870 (size before relaxing)
 .stab          0x00000c30      0x378 ./ECUAL/LED/led.o
                                0x534 (size before relaxing)
 .stab          0x00000fa8      0x5c4 ./ECUAL/BUTTON/button.o
                                0x780 (size before relaxing)
 .stab          0x0000156c      0x5b8 ./Application/App.o
                                0x774 (size before relaxing)
 .stab          0x00001b24      0x180 ./main.o
                                0x42c (size before relaxing)

.stabstr        0x00000000      0xe63
 *(.stabstr)
 .stabstr       0x00000000      0xe63 ./MCAL/Timer/timer.o

.stab.excl
 *(.stab.excl)

.stab.exclstr
 *(.stab.exclstr)

.stab.index
 *(.stab.index)

.stab.indexstr
 *(.stab.indexstr)

.comment
 *(.comment)

.debug
 *(.debug)

.line
 *(.line)

.debug_srcinfo
 *(.debug_srcinfo)

.debug_sfnames
 *(.debug_sfnames)

.debug_aranges
 *(.debug_aranges)

.debug_pubnames
 *(.debug_pubnames)

.debug_info
 *(.debug_info)
 *(.gnu.linkonce.wi.*)

.debug_abbrev
 *(.debug_abbrev)

.debug_line
 *(.debug_line)

.debug_frame
 *(.debug_frame)

.debug_str
 *(.debug_str)

.debug_loc
 *(.debug_loc)

.debug_macinfo
 *(.debug_macinfo)
OUTPUT(On_demond_traffic_light.elf elf32-avr)
LOAD linker stubs
